// Jest Snapshot v1, https://goo.gl/fbAQLP

exports[`Menu should render without parameters 1`] = `
<WithTheme(MenuWrapper)
  isFull={false}
>
  <Header
    content={[Function]}
    isFull={false}
  />
  <MenuItems
    content={
      Array [
        Object {
          "component": [Function],
          "isSelected": false,
        },
      ]
    }
    isFull={false}
  />
  <Footer
    content={[Function]}
    isFull={false}
    onClick={[Function]}
  />
</WithTheme(MenuWrapper)>
`;
