// Jest Snapshot v1, https://goo.gl/fbAQLP

exports[`MenuItems should renders without problem 1`] = `
<MenuItemsWrapper>
  <WithTheme(MenuItemWrapper)
    isFull={true}
    isSelected={false}
    key="0"
  >
    <mockConstructor
      isFull={true}
    />
  </WithTheme(MenuItemWrapper)>
  <WithTheme(MenuItemWrapper)
    isFull={true}
    isSelected={true}
    key="1"
  >
    <mockConstructor
      isFull={true}
    />
  </WithTheme(MenuItemWrapper)>
  <WithTheme(MenuItemWrapper)
    isFull={true}
    isSelected={false}
    key="2"
  >
    <mockConstructor
      isFull={true}
    />
  </WithTheme(MenuItemWrapper)>
</MenuItemsWrapper>
`;
